nohup: ignoring input
==================================================
  TAGM — Transformer Alignment Geometric Metrology
==================================================

-> HF_TOKEN detected
-> Starting server on port 8000...
   Open http://localhost:8000
   Log file: tagm.log

2026-07-06 23:24:53,350 [INFO] [MODULES] Discovered: Probe Generator v0.3.0 (probe_generator)
2026-07-06 23:24:53,352 [INFO] [MODULES] Discovered: Harm Trajectory v0.1.0 (harm_trajectory)
2026-07-06 23:24:53,363 [INFO] [MODULES] Discovered: Domain Surface Geometry v0.2.0 (domain_surface)
2026-07-06 23:24:53,376 [INFO] [MODULES] Discovered: Arditi Benchmark Analyses v1.0.0 (arditi_benchmarks)
2026-07-06 23:24:53,383 [INFO] [MODULES] Discovered: Concept Atom Explorer v0.1.0 (concept_atoms)
2026-07-06 23:24:53,388 [INFO] [MODULES] Discovered: Correction Field Topology v3.0.0 (correction_field_topology)
2026-07-06 23:24:53,398 [INFO] [MODULES] Discovered: Routing Ablation Experiment v0.1.0 (routing_ablation)
2026-07-06 23:24:53,405 [INFO] [MODULES] Discovered: MI Readiness Analysis v1.0.0 (mechanistic_interpretability)
2026-07-06 23:24:53,409 [INFO] [MODULES] Discovered: MI Instrumentation v1.0.0 (mi_instrumentation)
2026-07-06 23:24:53,410 [INFO] [MODULES] Discovered: Model Dialogue Interface v1.0.0 (model_dialogue)
2026-07-06 23:24:53,413 [INFO] [MODULES] Discovered: Token Pair Coupling v0.2.0 (token_pair_coupling)
2026-07-06 23:24:53,429 [INFO] [MODULES] Discovered: Roundtable LMA v2.0.0 (roundtable_lma)
2026-07-06 23:24:53,431 [INFO] [MODULES] Discovered: Comparative Analysis v1.0.0 (comparative_analysis)
2026-07-06 23:24:53,435 [INFO] [MODULES] Discovered: Harm Direction (SFD) v0.1.0 (harm_direction)
2026-07-06 23:24:53,443 [INFO] [MODULES] Discovered: Probe-Basis Decomposition v0.2.0 (correction_prism)
2026-07-06 23:24:53,447 [INFO] [MODULES] Discovered: ECM — Entropic Cascade Mitigation v2.1.0 (ecm)
2026-07-06 23:24:53,492 [INFO] [ECM] Loaded config from ecm_config.json
INFO:     Started server process [10026]
INFO:     Waiting for application startup.
INFO:     Application startup complete.
INFO:     Uvicorn running on http://0.0.0.0:8000 (Press CTRL+C to quit)
INFO:     Shutting down
INFO:     Waiting for application shutdown.
INFO:     Application shutdown complete.
INFO:     Finished server process [10026]
